0 verbose cli C:\Program Files\nodejs\node.exe C:\Program Files\nodejs\node_modules\npm\bin\npm-cli.js
1 info using npm@11.12.1
2 info using node@v24.15.0
3 silly config load:file:C:\Program Files\nodejs\node_modules\npm\npmrc
4 silly config load:file:C:\Users\Liquade\Documents\NexaraStuffs\NexeraCLI\.npmrc
5 silly config load:file:C:\Users\Liquade\.npmrc
6 silly config load:file:C:\Users\Liquade\AppData\Roaming\npm\etc\npmrc
7 verbose title npm pack
8 verbose argv "pack" "--dry-run"
9 verbose logfile logs-max:10 dir:C:\Users\Liquade\Documents\NexaraStuffs\NexeraCLI\.npm-cache-ui-check\_logs\2026-09-04T10_24_38_743Z-
10 verbose logfile C:\Users\Liquade\Documents\NexaraStuffs\NexeraCLI\.npm-cache-ui-check\_logs\2026-09-04T10_24_38_743Z-debug-0.log
11 silly logfile done cleaning log files
12 silly packumentCache heap:4496293888 maxSize:1124073472 maxEntrySize:562036736
13 notice
14 notice 📦  nexara-cli@0.1.36
15 notice Tarball Contents
16 notice 1.1kB LICENSE
16 notice 10.7kB README.md
16 notice 4.2kB SECURITY.md
16 notice 208B bin/nexara.js
16 notice 2.3kB install.cmd
16 notice 3.7kB install.ps1
16 notice 879B package.json
16 notice 14.1kB src/api.js
16 notice 10.0kB src/auth.js
16 notice 139.4kB src/cli.js
16 notice 2.6kB src/config.js
16 notice 3.3kB src/mic-windows.ps1
16 notice 7.3kB src/mic.js
16 notice 117B src/qr.js
16 notice 552B src/runtime-defaults.js
16 notice 2.7kB src/sessions.js
16 notice 48.5kB src/tools.js
16 notice 5.2kB src/update-worker.ps1
16 notice 8.0kB src/update.js
17 notice Tarball Details
18 notice name: nexara-cli
19 notice version: 0.1.36
20 notice filename: nexara-cli-0.1.36.tgz
21 notice package size: 75.3 kB
22 notice unpacked size: 264.9 kB
23 notice shasum: 7cdef75a5befd82398943e62f0fa978a8e9596e1
24 notice integrity: sha512-+lAhMObWgenv9[...]2kzEV5gRWy48w==
25 notice total files: 19
26 notice
27 verbose cwd C:\Users\Liquade\Documents\NexaraStuffs\NexeraCLI
28 verbose os Windows_NT 10.0.26200
29 verbose node v24.15.0
30 verbose npm  v11.12.1
31 verbose exit 0
32 info ok
